// Jest Snapshot v1, https://goo.gl/fbAQLP

exports[`<App.Root> Template should render as expected 1`] = `
<styled.div>
  <Styled(Connect(ColorPage)) />
</styled.div>
`;
